Archive member included to satisfy reference by file (symbol)

c:/st/stm32cubeide_1.3.0/stm32cubeide/plugins/com.st.stm32cube.ide.mcu.externaltools.gnu-tools-for-stm32.7-2018-q2-update.win32_1.0.0.201904181610/tools/bin/../lib/gcc/arm-none-eabi/7.3.1/../../../../arm-none-eabi/lib/thumb/v7-m\libc_nano.a(lib_a-errno.o)
                              Core/Src/syscalls.o (__errno)
c:/st/stm32cubeide_1.3.0/stm32cubeide/plugins/com.st.stm32cube.ide.mcu.externaltools.gnu-tools-for-stm32.7-2018-q2-update.win32_1.0.0.201904181610/tools/bin/../lib/gcc/arm-none-eabi/7.3.1/../../../../arm-none-eabi/lib/thumb/v7-m\libc_nano.a(lib_a-exit.o)
                              c:/st/stm32cubeide_1.3.0/stm32cubeide/plugins/com.st.stm32cube.ide.mcu.externaltools.gnu-tools-for-stm32.7-2018-q2-update.win32_1.0.0.201904181610/tools/bin/../lib/gcc/arm-none-eabi/7.3.1/../../../../arm-none-eabi/lib/thumb/v7-m/crt0.o (exit)
c:/st/stm32cubeide_1.3.0/stm32cubeide/plugins/com.st.stm32cube.ide.mcu.externaltools.gnu-tools-for-stm32.7-2018-q2-update.win32_1.0.0.201904181610/tools/bin/../lib/gcc/arm-none-eabi/7.3.1/../../../../arm-none-eabi/lib/thumb/v7-m\libc_nano.a(lib_a-impure.o)
                              c:/st/stm32cubeide_1.3.0/stm32cubeide/plugins/com.st.stm32cube.ide.mcu.externaltools.gnu-tools-for-stm32.7-2018-q2-update.win32_1.0.0.201904181610/tools/bin/../lib/gcc/arm-none-eabi/7.3.1/../../../../arm-none-eabi/lib/thumb/v7-m\libc_nano.a(lib_a-exit.o) (_global_impure_ptr)
c:/st/stm32cubeide_1.3.0/stm32cubeide/plugins/com.st.stm32cube.ide.mcu.externaltools.gnu-tools-for-stm32.7-2018-q2-update.win32_1.0.0.201904181610/tools/bin/../lib/gcc/arm-none-eabi/7.3.1/../../../../arm-none-eabi/lib/thumb/v7-m\libc_nano.a(lib_a-init.o)
                              c:/st/stm32cubeide_1.3.0/stm32cubeide/plugins/com.st.stm32cube.ide.mcu.externaltools.gnu-tools-for-stm32.7-2018-q2-update.win32_1.0.0.201904181610/tools/bin/../lib/gcc/arm-none-eabi/7.3.1/../../../../arm-none-eabi/lib/thumb/v7-m/crt0.o (__libc_init_array)
c:/st/stm32cubeide_1.3.0/stm32cubeide/plugins/com.st.stm32cube.ide.mcu.externaltools.gnu-tools-for-stm32.7-2018-q2-update.win32_1.0.0.201904181610/tools/bin/../lib/gcc/arm-none-eabi/7.3.1/../../../../arm-none-eabi/lib/thumb/v7-m\libc_nano.a(lib_a-memset.o)
                              c:/st/stm32cubeide_1.3.0/stm32cubeide/plugins/com.st.stm32cube.ide.mcu.externaltools.gnu-tools-for-stm32.7-2018-q2-update.win32_1.0.0.201904181610/tools/bin/../lib/gcc/arm-none-eabi/7.3.1/../../../../arm-none-eabi/lib/thumb/v7-m/crt0.o (memset)
c:/st/stm32cubeide_1.3.0/stm32cubeide/plugins/com.st.stm32cube.ide.mcu.externaltools.gnu-tools-for-stm32.7-2018-q2-update.win32_1.0.0.201904181610/tools/bin/../lib/gcc/arm-none-eabi/7.3.1/thumb/v7-m\libgcc.a(_arm_addsubdf3.o)
                              Core/Src/main.o (__aeabi_dsub)
c:/st/stm32cubeide_1.3.0/stm32cubeide/plugins/com.st.stm32cube.ide.mcu.externaltools.gnu-tools-for-stm32.7-2018-q2-update.win32_1.0.0.201904181610/tools/bin/../lib/gcc/arm-none-eabi/7.3.1/thumb/v7-m\libgcc.a(_arm_muldivdf3.o)
                              Core/Src/main.o (__aeabi_ddiv)
c:/st/stm32cubeide_1.3.0/stm32cubeide/plugins/com.st.stm32cube.ide.mcu.externaltools.gnu-tools-for-stm32.7-2018-q2-update.win32_1.0.0.201904181610/tools/bin/../lib/gcc/arm-none-eabi/7.3.1/thumb/v7-m\libgcc.a(_arm_fixunsdfsi.o)
                              Core/Src/main.o (__aeabi_d2uiz)

Allocating common symbols
Common symbol       size              file

hi2c1               0x54              Core/Src/main.o
tennis_ball_direction
                    0x1               Core/Src/matrix.o
uwTick              0x4               Drivers/STM32F1xx_HAL_Driver/Src/stm32f1xx_hal.o
az                  0x4               Core/Src/main.o
pFlash              0x20              Drivers/STM32F1xx_HAL_Driver/Src/stm32f1xx_hal_flash.o
hadc1               0x30              Core/Src/main.o
ax                  0x4               Core/Src/main.o
i2cData             0xa               Core/Src/main.o
huart2              0x40              Core/Src/main.o
res                 0x1               Core/Src/main.o
ay                  0x4               Core/Src/main.o
matrixStatus        0x1               Core/Src/matrix.o

Discarded input sections

 .text          0x0000000000000000        0x0 c:/st/stm32cubeide_1.3.0/stm32cubeide/plugins/com.st.stm32cube.ide.mcu.externaltools.gnu-tools-for-stm32.7-2018-q2-update.win32_1.0.0.201904181610/tools/bin/../lib/gcc/arm-none-eabi/7.3.1/thumb/v7-m/crti.o
 .data          0x0000000000000000        0x0 c:/st/stm32cubeide_1.3.0/stm32cubeide/plugins/com.st.stm32cube.ide.mcu.externaltools.gnu-tools-for-stm32.7-2018-q2-update.win32_1.0.0.201904181610/tools/bin/../lib/gcc/arm-none-eabi/7.3.1/thumb/v7-m/crti.o
[...]
Memory Configuration

Name             Origin             Length             Attributes
RAM              0x0000000020000000 0x0000000000005000 xrw
FLASH            0x0000000008000000 0x0000000000020000 xr
*default*        0x0000000000000000 0xffffffffffffffff

Linker script and memory map

LOAD c:/st/stm32cubeide_1.3.0/stm32cubeide/plugins/com.st.stm32cube.ide.mcu.externaltools.gnu-tools-for-stm32.7-2018-q2-update.win32_1.0.0.201904181610/tools/bin/../lib/gcc/arm-none-eabi/7.3.1/thumb/v7-m/crti.o
LOAD c:/st/stm32cubeide_1.3.0/stm32cubeide/plugins/com.st.stm32cube.ide.mcu.externaltools.gnu-tools-for-stm32.7-2018-q2-update.win32_1.0.0.201904181610/tools/bin/../lib/gcc/arm-none-eabi/7.3.1/thumb/v7-m/crtbegin.o
LOAD c:/st/stm32cubeide_1.3.0/stm32cubeide/plugins/com.st.stm32cube.ide.mcu.externaltools.gnu-tools-for-stm32.7-2018-q2-update.win32_1.0.0.201904181610/tools/bin/../lib/gcc/arm-none-eabi/7.3.1/../../../../arm-none-eabi/lib/thumb/v7-m/crt0.o
LOAD Core/Src/main.o
LOAD Core/Src/matrix.o
LOAD Core/Src/stm32f1xx_hal_msp.o
LOAD Core/Src/stm32f1xx_it.o
LOAD Core/Src/syscalls.o
LOAD Core/Src/sysmem.o
LOAD Core/Src/system_stm32f1xx.o
LOAD Core/Startup/startup_stm32f103rbtx.o
LOAD Drivers/STM32F1xx_HAL_Driver/Src/stm32f1xx_hal.o
LOAD Drivers/STM32F1xx_HAL_Driver/Src/stm32f1xx_hal_adc.o
LOAD Drivers/STM32F1xx_HAL_Driver/Src/stm32f1xx_hal_adc_ex.o
LOAD Drivers/STM32F1xx_HAL_Driver/Src/stm32f1xx_hal_cortex.o
LOAD Drivers/STM32F1xx_HAL_Driver/Src/stm32f1xx_hal_dma.o
LOAD Drivers/STM32F1xx_HAL_Driver/Src/stm32f1xx_hal_exti.o
LOAD Drivers/STM32F1xx_HAL_Driver/Src/stm32f1xx_hal_flash.o
LOAD Drivers/STM32F1xx_HAL_Driver/Src/stm32f1xx_hal_flash_ex.o
LOAD Drivers/STM32F1xx_HAL_Driver/Src/stm32f1xx_hal_gpio.o
LOAD Drivers/STM32F1xx_HAL_Driver/Src/stm32f1xx_hal_gpio_ex.o
LOAD Drivers/STM32F1xx_HAL_Driver/Src/stm32f1xx_hal_i2c.o
LOAD Drivers/STM32F1xx_HAL_Driver/Src/stm32f1xx_hal_pwr.o
LOAD Drivers/STM32F1xx_HAL_Driver/Src/stm32f1xx_hal_rcc.o
LOAD Drivers/STM32F1xx_HAL_Driver/Src/stm32f1xx_hal_rcc_ex.o
LOAD Drivers/STM32F1xx_HAL_Driver/Src/stm32f1xx_hal_tim.o
LOAD Drivers/STM32F1xx_HAL_Driver/Src/stm32f1xx_hal_tim_ex.o
LOAD Drivers/STM32F1xx_HAL_Driver/Src/stm32f1xx_hal_uart.o
START GROUP
LOAD c:/st/stm32cubeide_1.3.0/stm32cubeide/plugins/com.st.stm32cube.ide.mcu.externaltools.gnu-tools-for-stm32.7-2018-q2-update.win32_1.0.0.201904181610/tools/bin/../lib/gcc/arm-none-eabi/7.3.1/../../../../arm-none-eabi/lib/thumb/v7-m\libc_nano.a
LOAD c:/st/stm32cubeide_1.3.0/stm32cubeide/plugins/com.st.stm32cube.ide.mcu.externaltools.gnu-tools-for-stm32.7-2018-q2-update.win32_1.0.0.201904181610/tools/bin/../lib/gcc/arm-none-eabi/7.3.1/../../../../arm-none-eabi/lib/thumb/v7-m\libm.a
END GROUP
START GROUP
LOAD c:/st/stm32cubeide_1.3.0/stm32cubeide/plugins/com.st.stm32cube.ide.mcu.externaltools.gnu-tools-for-stm32.7-2018-q2-update.win32_1.0.0.201904181610/tools/bin/../lib/gcc/arm-none-eabi/7.3.1/thumb/v7-m\libgcc.a
LOAD c:/st/stm32cubeide_1.3.0/stm32cubeide/plugins/com.st.stm32cube.ide.mcu.externaltools.gnu-tools-for-stm32.7-2018-q2-update.win32_1.0.0.201904181610/tools/bin/../lib/gcc/arm-none-eabi/7.3.1/../../../../arm-none-eabi/lib/thumb/v7-m\libc_nano.a
END GROUP
START GROUP
LOAD c:/st/stm32cubeide_1.3.0/stm32cubeide/plugins/com.st.stm32cube.ide.mcu.externaltools.gnu-tools-for-stm32.7-2018-q2-update.win32_1.0.0.201904181610/tools/bin/../lib/gcc/arm-none-eabi/7.3.1/thumb/v7-m\libgcc.a
LOAD c:/st/stm32cubeide_1.3.0/stm32cubeide/plugins/com.st.stm32cube.ide.mcu.externaltools.gnu-tools-for-stm32.7-2018-q2-update.win32_1.0.0.201904181610/tools/bin/../lib/gcc/arm-none-eabi/7.3.1/../../../../arm-none-eabi/lib/thumb/v7-m\libc_nano.a
LOAD c:/st/stm32cubeide_1.3.0/stm32cubeide/plugins/com.st.stm32cube.ide.mcu.externaltools.gnu-tools-for-stm32.7-2018-q2-update.win32_1.0.0.201904181610/tools/bin/../lib/gcc/arm-none-eabi/7.3.1/../../../../arm-none-eabi/lib/thumb/v7-m\libnosys.a
END GROUP
START GROUP
LOAD c:/st/stm32cubeide_1.3.0/stm32cubeide/plugins/com.st.stm32cube.ide.mcu.externaltools.gnu-tools-for-stm32.7-2018-q2-update.win32_1.0.0.201904181610/tools/bin/../lib/gcc/arm-none-eabi/7.3.1/thumb/v7-m\libgcc.a
LOAD c:/st/stm32cubeide_1.3.0/stm32cubeide/plugins/com.st.stm32cube.ide.mcu.externaltools.gnu-tools-for-stm32.7-2018-q2-update.win32_1.0.0.201904181610/tools/bin/../lib/gcc/arm-none-eabi/7.3.1/../../../../arm-none-eabi/lib/thumb/v7-m\libc_nano.a
LOAD c:/st/stm32cubeide_1.3.0/stm32cubeide/plugins/com.st.stm32cube.ide.mcu.externaltools.gnu-tools-for-stm32.7-2018-q2-update.win32_1.0.0.201904181610/tools/bin/../lib/gcc/arm-none-eabi/7.3.1/../../../../arm-none-eabi/lib/thumb/v7-m\libnosys.a
END GROUP
LOAD c:/st/stm32cubeide_1.3.0/stm32cubeide/plugins/com.st.stm32cube.ide.mcu.externaltools.gnu-tools-for-stm32.7-2018-q2-update.win32_1.0.0.201904181610/tools/bin/../lib/gcc/arm-none-eabi/7.3.1/thumb/v7-m/crtend.o
LOAD c:/st/stm32cubeide_1.3.0/stm32cubeide/plugins/com.st.stm32cube.ide.mcu.externaltools.gnu-tools-for-stm32.7-2018-q2-update.win32_1.0.0.201904181610/tools/bin/../lib/gcc/arm-none-eabi/7.3.1/thumb/v7-m/crtn.o
                0x0000000020005000                _estack = (ORIGIN (RAM) + LENGTH (RAM))
                0x0000000000000200                _Min_Heap_Size = 0x200
                0x0000000000000400                _Min_Stack_Size = 0x400

.isr_vector     0x0000000008000000      0x10c
                0x0000000008000000                . = ALIGN (0x4)
 *(.isr_vector)
 .isr_vector    0x0000000008000000      0x10c Core/Startup/startup_stm32f103rbtx.o
                0x0000000008000000                g_pfnVectors
                0x000000000800010c                . = ALIGN (0x4)

.text           0x000000000800010c     0x4244
                0x000000000800010c                . = ALIGN (0x4)
 *(.text)
 .text          0x000000000800010c       0x40 c:/st/stm32cubeide_1.3.0/stm32cubeide/plugins/com.st.stm32cube.ide.mcu.externaltools.gnu-tools-for-stm32.7-2018-q2-update.win32_1.0.0.201904181610/tools/bin/../lib/gcc/arm-none-eabi/7.3.1/thumb/v7-m/crtbegin.o
 *(.text*)
 .text.calibration_sequence
                0x000000000800014c       0x9c Core/Src/main.o
                0x000000000800014c                calibration_sequence
 .text.light_up_corners
                0x00000000080001e8       0x2e Core/Src/main.o
                0x00000000080001e8                light_up_corners
 *fill*         0x0000000008000216        0x2 
 .text.transmit_maze_uart
                0x0000000008000218       0x5c Core/Src/main.o
                0x0000000008000218                transmit_maze_uart
 .text.transmit_tennis_uart
                0x0000000008000274       0x78 Core/Src/main.o
                0x0000000008000274                transmit_tennis_uart
 .text.imu_setup
                0x00000000080002ec       0x3c Core/Src/main.o
                0x00000000080002ec                imu_setup
 .text.read_imu
                0x0000000008000328       0x74 Core/Src/main.o
                0x0000000008000328                read_imu
 .text.main     0x000000000800039c      0x118 Core/Src/main.o
                0x000000000800039c                main
 .text.SystemClock_Config
                0x00000000080004b4       0xaa Core/Src/main.o
                0x00000000080004b4                SystemClock_Config
 *fill*         0x000000000800055e        0x2 
 .text.MX_ADC1_Init
                0x0000000008000560       0x7c Core/Src/main.o
 .text.MX_I2C1_Init
                0x00000000080005dc       0x5c Core/Src/main.o
 .text.MX_USART2_UART_Init
                0x0000000008000638       0x54 Core/Src/main.o
 .text.MX_GPIO_Init
                0x000000000800068c      0x1e8 Core/Src/main.o
 .text.Error_Handler
                0x0000000008000874        0xc Core/Src/main.o
                0x0000000008000874                Error_Handler
 .text.light_up_LED
                0x0000000008000880       0x58 Core/Src/matrix.o
                0x0000000008000880                light_up_LED
 .text.reset_all_ports
                0x00000000080008d8       0xa8 Core/Src/matrix.o
                0x00000000080008d8                reset_all_ports
 .text.reset_debug_leds
                0x0000000008000980       0x40 Core/Src/matrix.o
                0x0000000008000980                reset_debug_leds
 .text.light_debug_led
                0x00000000080009c0       0x54 Core/Src/matrix.o
                0x00000000080009c0                light_debug_led
 .text.copy_to_display
                0x0000000008000a14       0x58 Core/Src/matrix.o
                0x0000000008000a14                copy_to_display
 .text.load_preset_maze
                0x0000000008000a6c       0x94 Core/Src/matrix.o
                0x0000000008000a6c                load_preset_maze
 .text.load_preset_num_to_display
                0x0000000008000b00       0x40 Core/Src/matrix.o
                0x0000000008000b00                load_preset_num_to_display
 .text.increment_column
                0x0000000008000b40       0x30 Core/Src/matrix.o
                0x0000000008000b40                increment_column
 .text.display_matrix
                0x0000000008000b70      0x1f4 Core/Src/matrix.o
                0x0000000008000b70                display_matrix
 .text.checkMazeBallMove
                0x0000000008000d64       0xc0 Core/Src/matrix.o
                0x0000000008000d64                checkMazeBallMove
 .text.move_ball_maze_imu
                0x0000000008000e24       0x98 Core/Src/matrix.o
                0x0000000008000e24                move_ball_maze_imu
 .text.checkBatMove
                0x0000000008000ebc       0x70 Core/Src/matrix.o
                0x0000000008000ebc                checkBatMove
 .text.move_bat_imu
                0x0000000008000f2c       0x98 Core/Src/matrix.o
                0x0000000008000f2c                move_bat_imu
 .text.move_tennis_ball
                0x0000000008000fc4      0x330 Core/Src/matrix.o
                0x0000000008000fc4                move_tennis_ball
 .text.update_imu_direction
                0x00000000080012f4       0x8c Core/Src/matrix.o
                0x00000000080012f4                update_imu_direction
 .text.HAL_MspInit
                0x0000000008001380       0x64 Core/Src/stm32f1xx_hal_msp.o
                0x0000000008001380                HAL_MspInit
 .text.HAL_ADC_MspInit
                0x00000000080013e4       0x78 Core/Src/stm32f1xx_hal_msp.o
                0x00000000080013e4                HAL_ADC_MspInit
 .text.HAL_I2C_MspInit
                0x000000000800145c       0x7c Core/Src/stm32f1xx_hal_msp.o
                0x000000000800145c                HAL_I2C_MspInit
 .text.HAL_UART_MspInit
                0x00000000080014d8       0x94 Core/Src/stm32f1xx_hal_msp.o
                0x00000000080014d8                HAL_UART_MspInit
 .text.NMI_Handler
                0x000000000800156c        0xc Core/Src/stm32f1xx_it.o
                0x000000000800156c                NMI_Handler
 .text.HardFault_Handler
                0x0000000008001578        0x6 Core/Src/stm32f1xx_it.o
                0x0000000008001578                HardFault_Handler
 .text.MemManage_Handler
                0x000000000800157e        0x6 Core/Src/stm32f1xx_it.o
                0x000000000800157e                MemManage_Handler
 .text.BusFault_Handler
                0x0000000008001584        0x6 Core/Src/stm32f1xx_it.o
                0x0000000008001584                BusFault_Handler
 .text.UsageFault_Handler
                0x000000000800158a        0x6 Core/Src/stm32f1xx_it.o
                0x000000000800158a                UsageFault_Handler
 .text.SVC_Handler
                0x0000000008001590        0xc Core/Src/stm32f1xx_it.o
                0x0000000008001590                SVC_Handler
 .text.DebugMon_Handler
                0x000000000800159c        0xc Core/Src/stm32f1xx_it.o
                0x000000000800159c                DebugMon_Handler
 .text.PendSV_Handler
                0x00000000080015a8        0xc Core/Src/stm32f1xx_it.o
                0x00000000080015a8                PendSV_Handler
 .text.SysTick_Handler
                0x00000000080015b4      0x110 Core/Src/stm32f1xx_it.o
                0x00000000080015b4                SysTick_Handler
 .text.EXTI0_IRQHandler
                0x00000000080016c4      0x120 Core/Src/stm32f1xx_it.o
                0x00000000080016c4                EXTI0_IRQHandler
 .text.EXTI1_IRQHandler
                0x00000000080017e4       0xb8 Core/Src/stm32f1xx_it.o
                0x00000000080017e4                EXTI1_IRQHandler
 .text.EXTI2_IRQHandler
                0x000000000800189c       0xd0 Core/Src/stm32f1xx_it.o
                0x000000000800189c                EXTI2_IRQHandler
 .text.EXTI3_IRQHandler
                0x000000000800196c       0xcc Core/Src/stm32f1xx_it.o
                0x000000000800196c                EXTI3_IRQHandler
 .text.EXTI4_IRQHandler
                0x0000000008001a38       0xf4 Core/Src/stm32f1xx_it.o
                0x0000000008001a38                EXTI4_IRQHandler
 .text.EXTI15_10_IRQHandler
                0x0000000008001b2c       0x10 Core/Src/stm32f1xx_it.o
                0x0000000008001b2c                EXTI15_10_IRQHandler
 .text.SystemInit
                0x0000000008001b3c       0x68 Core/Src/system_stm32f1xx.o
                0x0000000008001b3c                SystemInit
 .text.Reset_Handler
                0x0000000008001ba4       0x48 Core/Startup/startup_stm32f103rbtx.o
                0x0000000008001ba4                Reset_Handler
 .text.Default_Handler
                0x0000000008001bec        0x2 Core/Startup/startup_stm32f103rbtx.o
                0x0000000008001bec                RTC_Alarm_IRQHandler
                0x0000000008001bec                TIM1_CC_IRQHandler
                0x0000000008001bec                PVD_IRQHandler
                0x0000000008001bec                I2C2_EV_IRQHandler
                0x0000000008001bec                ADC1_2_IRQHandler
                0x0000000008001bec                SPI1_IRQHandler
                0x0000000008001bec                TAMPER_IRQHandler
                0x0000000008001bec                DMA1_Channel4_IRQHandler
                0x0000000008001bec                USART3_IRQHandler
                0x0000000008001bec                RTC_IRQHandler
                0x0000000008001bec                DMA1_Channel7_IRQHandler
                0x0000000008001bec                CAN1_RX1_IRQHandler
                0x0000000008001bec                TIM4_IRQHandler
                0x0000000008001bec                I2C1_EV_IRQHandler
                0x0000000008001bec                DMA1_Channel6_IRQHandler
                0x0000000008001bec                TIM3_IRQHandler
                0x0000000008001bec                RCC_IRQHandler
                0x0000000008001bec                TIM1_TRG_COM_IRQHandler
                0x0000000008001bec                DMA1_Channel1_IRQHandler
                0x0000000008001bec                Default_Handler
                0x0000000008001bec                EXTI9_5_IRQHandler
                0x0000000008001bec                SPI2_IRQHandler
                0x0000000008001bec                DMA1_Channel5_IRQHandler
                0x0000000008001bec                USB_LP_CAN1_RX0_IRQHandler
                0x0000000008001bec                USB_HP_CAN1_TX_IRQHandler
                0x0000000008001bec                DMA1_Channel3_IRQHandler
                0x0000000008001bec                TIM1_UP_IRQHandler
                0x0000000008001bec                WWDG_IRQHandler
                0x0000000008001bec                TIM2_IRQHandler
                0x0000000008001bec                TIM1_BRK_IRQHandler
                0x0000000008001bec                USART2_IRQHandler
                0x0000000008001bec                I2C2_ER_IRQHandler
                0x0000000008001bec                DMA1_Channel2_IRQHandler
                0x0000000008001bec                CAN1_SCE_IRQHandler
                0x0000000008001bec                FLASH_IRQHandler
                0x0000000008001bec                USART1_IRQHandler
                0x0000000008001bec                I2C1_ER_IRQHandler
                0x0000000008001bec                USBWakeUp_IRQHandler
 *fill*         0x0000000008001bee        0x2 
 .text.HAL_Init
                0x0000000008001bf0       0x2c Drivers/STM32F1xx_HAL_Driver/Src/stm32f1xx_hal.o
                0x0000000008001bf0                HAL_Init
 .text.HAL_InitTick
                0x0000000008001c1c       0x60 Drivers/STM32F1xx_HAL_Driver/Src/stm32f1xx_hal.o
                0x0000000008001c1c                HAL_InitTick
 .text.HAL_IncTick
                0x0000000008001c7c       0x24 Drivers/STM32F1xx_HAL_Driver/Src/stm32f1xx_hal.o
                0x0000000008001c7c                HAL_IncTick
 .text.HAL_GetTick
                0x0000000008001ca0       0x14 Drivers/STM32F1xx_HAL_Driver/Src/stm32f1xx_hal.o
                0x0000000008001ca0                HAL_GetTick
 .text.HAL_Delay
                0x0000000008001cb4       0x44 Drivers/STM32F1xx_HAL_Driver/Src/stm32f1xx_hal.o
                0x0000000008001cb4                HAL_Delay
 .text.HAL_ADC_Init
                0x0000000008001cf8      0x1b0 Drivers/STM32F1xx_HAL_Driver/Src/stm32f1xx_hal_adc.o
                0x0000000008001cf8                HAL_ADC_Init
 .text.HAL_ADC_ConfigChannel
                0x0000000008001ea8      0x1f0 Drivers/STM32F1xx_HAL_Driver/Src/stm32f1xx_hal_adc.o
                0x0000000008001ea8                HAL_ADC_ConfigChannel
 .text.ADC_ConversionStop_Disable
                0x0000000008002098       0x74 Drivers/STM32F1xx_HAL_Driver/Src/stm32f1xx_hal_adc.o
                0x0000000008002098                ADC_ConversionStop_Disable
 .text.__NVIC_SetPriorityGrouping
                0x000000000800210c       0x48 Drivers/STM32F1xx_HAL_Driver/Src/stm32f1xx_hal_cortex.o
 .text.__NVIC_GetPriorityGrouping
                0x0000000008002154       0x1c Drivers/STM32F1xx_HAL_Driver/Src/stm32f1xx_hal_cortex.o
 .text.__NVIC_EnableIRQ
                0x0000000008002170       0x38 Drivers/STM32F1xx_HAL_Driver/Src/stm32f1xx_hal_cortex.o
 .text.__NVIC_SetPriority
                0x00000000080021a8       0x54 Drivers/STM32F1xx_HAL_Driver/Src/stm32f1xx_hal_cortex.o
 .text.NVIC_EncodePriority
                0x00000000080021fc       0x64 Drivers/STM32F1xx_HAL_Driver/Src/stm32f1xx_hal_cortex.o
 .text.SysTick_Config
                0x0000000008002260       0x44 Drivers/STM32F1xx_HAL_Driver/Src/stm32f1xx_hal_cortex.o
 .text.HAL_NVIC_SetPriorityGrouping
                0x00000000080022a4       0x16 Drivers/STM32F1xx_HAL_Driver/Src/stm32f1xx_hal_cortex.o
                0x00000000080022a4                HAL_NVIC_SetPriorityGrouping
 .text.HAL_NVIC_SetPriority
                0x00000000080022ba       0x38 Drivers/STM32F1xx_HAL_Driver/Src/stm32f1xx_hal_cortex.o
                0x00000000080022ba                HAL_NVIC_SetPriority
 .text.HAL_NVIC_EnableIRQ
                0x00000000080022f2       0x1c Drivers/STM32F1xx_HAL_Driver/Src/stm32f1xx_hal_cortex.o
                0x00000000080022f2                HAL_NVIC_EnableIRQ
 .text.HAL_SYSTICK_Config
                0x000000000800230e       0x18 Drivers/STM32F1xx_HAL_Driver/Src/stm32f1xx_hal_cortex.o
                0x000000000800230e                HAL_SYSTICK_Config
 *fill*         0x0000000008002326        0x2 
 .text.HAL_GPIO_Init
                0x0000000008002328      0x2b4 Drivers/STM32F1xx_HAL_Driver/Src/stm32f1xx_hal_gpio.o
                0x0000000008002328                HAL_GPIO_Init
 .text.HAL_GPIO_WritePin
                0x00000000080025dc       0x30 Drivers/STM32F1xx_HAL_Driver/Src/stm32f1xx_hal_gpio.o
                0x00000000080025dc                HAL_GPIO_WritePin
 .text.HAL_GPIO_EXTI_IRQHandler
                0x000000000800260c       0x30 Drivers/STM32F1xx_HAL_Driver/Src/stm32f1xx_hal_gpio.o
                0x000000000800260c                HAL_GPIO_EXTI_IRQHandler
 .text.HAL_GPIO_EXTI_Callback
                0x000000000800263c       0x14 Drivers/STM32F1xx_HAL_Driver/Src/stm32f1xx_hal_gpio.o
                0x000000000800263c                HAL_GPIO_EXTI_Callback
 .text.HAL_I2C_Init
                0x0000000008002650      0x270 Drivers/STM32F1xx_HAL_Driver/Src/stm32f1xx_hal_i2c.o
                0x0000000008002650                HAL_I2C_Init
 .text.HAL_I2C_Master_Transmit
                0x00000000080028c0      0x1fc Drivers/STM32F1xx_HAL_Driver/Src/stm32f1xx_hal_i2c.o
                0x00000000080028c0                HAL_I2C_Master_Transmit
 .text.HAL_I2C_Master_Receive
                0x0000000008002abc      0x45c Drivers/STM32F1xx_HAL_Driver/Src/stm32f1xx_hal_i2c.o
                0x0000000008002abc                HAL_I2C_Master_Receive
 .text.I2C_MasterRequestWrite
                0x0000000008002f18       0xec Drivers/STM32F1xx_HAL_Driver/Src/stm32f1xx_hal_i2c.o
 .text.I2C_MasterRequestRead
                0x0000000008003004      0x16c Drivers/STM32F1xx_HAL_Driver/Src/stm32f1xx_hal_i2c.o
 .text.I2C_WaitOnFlagUntilTimeout
                0x0000000008003170       0xae Drivers/STM32F1xx_HAL_Driver/Src/stm32f1xx_hal_i2c.o
 .text.I2C_WaitOnMasterAddressFlagUntilTimeout
                0x000000000800321e       0xfe Drivers/STM32F1xx_HAL_Driver/Src/stm32f1xx_hal_i2c.o
 .text.I2C_WaitOnTXEFlagUntilTimeout
                0x000000000800331c       0x82 Drivers/STM32F1xx_HAL_Driver/Src/stm32f1xx_hal_i2c.o
 .text.I2C_WaitOnBTFFlagUntilTimeout
                0x000000000800339e       0x82 Drivers/STM32F1xx_HAL_Driver/Src/stm32f1xx_hal_i2c.o
 .text.I2C_WaitOnRXNEFlagUntilTimeout
                0x0000000008003420       0xac Drivers/STM32F1xx_HAL_Driver/Src/stm32f1xx_hal_i2c.o
 .text.I2C_IsAcknowledgeFailed
                0x00000000080034cc       0x5c Drivers/STM32F1xx_HAL_Driver/Src/stm32f1xx_hal_i2c.o
 .text.HAL_RCC_OscConfig
                0x0000000008003528      0x500 Drivers/STM32F1xx_HAL_Driver/Src/stm32f1xx_hal_rcc.o
                0x0000000008003528                HAL_RCC_OscConfig
 .text.HAL_RCC_ClockConfig
                0x0000000008003a28      0x1d4 Drivers/STM32F1xx_HAL_Driver/Src/stm32f1xx_hal_rcc.o
                0x0000000008003a28                HAL_RCC_ClockConfig
 .text.HAL_RCC_GetSysClockFreq
                0x0000000008003bfc       0xc4 Drivers/STM32F1xx_HAL_Driver/Src/stm32f1xx_hal_rcc.o
                0x0000000008003bfc                HAL_RCC_GetSysClockFreq
 .text.HAL_RCC_GetHCLKFreq
                0x0000000008003cc0       0x14 Drivers/STM32F1xx_HAL_Driver/Src/stm32f1xx_hal_rcc.o
                0x0000000008003cc0                HAL_RCC_GetHCLKFreq
 .text.HAL_RCC_GetPCLK1Freq
                0x0000000008003cd4       0x28 Drivers/STM32F1xx_HAL_Driver/Src/stm32f1xx_hal_rcc.o
                0x0000000008003cd4                HAL_RCC_GetPCLK1Freq
 .text.HAL_RCC_GetPCLK2Freq
                0x0000000008003cfc       0x28 Drivers/STM32F1xx_HAL_Driver/Src/stm32f1xx_hal_rcc.o
                0x0000000008003cfc                HAL_RCC_GetPCLK2Freq
 .text.RCC_Delay
                0x0000000008003d24       0x3c Drivers/STM32F1xx_HAL_Driver/Src/stm32f1xx_hal_rcc.o
 .text.HAL_RCCEx_PeriphCLKConfig
                0x0000000008003d60      0x16c Drivers/STM32F1xx_HAL_Driver/Src/stm32f1xx_hal_rcc_ex.o
                0x0000000008003d60                HAL_RCCEx_PeriphCLKConfig
 .text.HAL_UART_Init
                0x0000000008003ecc       0x9a Drivers/STM32F1xx_HAL_Driver/Src/stm32f1xx_hal_uart.o
                0x0000000008003ecc                HAL_UART_Init
 .text.HAL_UART_Transmit
                0x0000000008003f66      0x132 Drivers/STM32F1xx_HAL_Driver/Src/stm32f1xx_hal_uart.o
                0x0000000008003f66                HAL_UART_Transmit
 .text.UART_WaitOnFlagUntilTimeout
                0x0000000008004098       0x94 Drivers/STM32F1xx_HAL_Driver/Src/stm32f1xx_hal_uart.o
 .text.UART_SetConfig
                0x000000000800412c      0x1b4 Drivers/STM32F1xx_HAL_Driver/Src/stm32f1xx_hal_uart.o
 .text.__libc_init_array
                0x00000000080042e0       0x48 c:/st/stm32cubeide_1.3.0/stm32cubeide/plugins/com.st.stm32cube.ide.mcu.externaltools.gnu-tools-for-stm32.7-2018-q2-update.win32_1.0.0.201904181610/tools/bin/../lib/gcc/arm-none-eabi/7.3.1/../../../../arm-none-eabi/lib/thumb/v7-m\libc_nano.a(lib_a-init.o)
                0x00000000080042e0                __libc_init_array
 .text.memset   0x0000000008004328       0x10 c:/st/stm32cubeide_1.3.0/stm32cubeide/plugins/com.st.stm32cube.ide.mcu.externaltools.gnu-tools-for-stm32.7-2018-q2-update.win32_1.0.0.201904181610/tools/bin/../lib/gcc/arm-none-eabi/7.3.1/../../../../arm-none-eabi/lib/thumb/v7-m\libc_nano.a(lib_a-memset.o)
                0x0000000008004328                memset
 *(.glue_7)
 .glue_7        0x0000000008004338        0x0 linker stubs
 *(.glue_7t)
 .glue_7t       0x0000000008004338        0x0 linker stubs
 *(.eh_frame)
 .eh_frame      0x0000000008004338        0x0 c:/st/stm32cubeide_1.3.0/stm32cubeide/plugins/com.st.stm32cube.ide.mcu.externaltools.gnu-tools-for-stm32.7-2018-q2-update.win32_1.0.0.201904181610/tools/bin/../lib/gcc/arm-none-eabi/7.3.1/thumb/v7-m/crtbegin.o
 *(.init)
 .init          0x0000000008004338        0x4 c:/st/stm32cubeide_1.3.0/stm32cubeide/plugins/com.st.stm32cube.ide.mcu.externaltools.gnu-tools-for-stm32.7-2018-q2-update.win32_1.0.0.201904181610/tools/bin/../lib/gcc/arm-none-eabi/7.3.1/thumb/v7-m/crti.o
                0x0000000008004338                _init
 .init          0x000000000800433c        0x8 c:/st/stm32cubeide_1.3.0/stm32cubeide/plugins/com.st.stm32cube.ide.mcu.externaltools.gnu-tools-for-stm32.7-2018-q2-update.win32_1.0.0.201904181610/tools/bin/../lib/gcc/arm-none-eabi/7.3.1/thumb/v7-m/crtn.o
 *(.fini)
 .fini          0x0000000008004344        0x4 c:/st/stm32cubeide_1.3.0/stm32cubeide/plugins/com.st.stm32cube.ide.mcu.externaltools.gnu-tools-for-stm32.7-2018-q2-update.win32_1.0.0.201904181610/tools/bin/../lib/gcc/arm-none-eabi/7.3.1/thumb/v7-m/crti.o
                0x0000000008004344                _fini
 .fini          0x0000000008004348        0x8 c:/st/stm32cubeide_1.3.0/stm32cubeide/plugins/com.st.stm32cube.ide.mcu.externaltools.gnu-tools-for-stm32.7-2018-q2-update.win32_1.0.0.201904181610/tools/bin/../lib/gcc/arm-none-eabi/7.3.1/thumb/v7-m/crtn.o
                0x0000000008004350                . = ALIGN (0x4)
                0x0000000008004350                _etext = .

.vfp11_veneer   0x0000000008004350        0x0
 .vfp11_veneer  0x0000000008004350        0x0 linker stubs

.v4_bx          0x0000000008004350        0x0
 .v4_bx         0x0000000008004350        0x0 linker stubs

.iplt           0x0000000008004350        0x0
 .iplt          0x0000000008004350        0x0 c:/st/stm32cubeide_1.3.0/stm32cubeide/plugins/com.st.stm32cube.ide.mcu.externaltools.gnu-tools-for-stm32.7-2018-q2-update.win32_1.0.0.201904181610/tools/bin/../lib/gcc/arm-none-eabi/7.3.1/thumb/v7-m/crtbegin.o

.rodata         0x0000000008004350       0x2c
                0x0000000008004350                . = ALIGN (0x4)
 *(.rodata)
 .rodata        0x0000000008004350       0x12 Drivers/STM32F1xx_HAL_Driver/Src/stm32f1xx_hal_rcc.o
 *(.rodata*)
 *fill*         0x0000000008004362        0x2 
 .rodata.AHBPrescTable
                0x0000000008004364       0x10 Core/Src/system_stm32f1xx.o
                0x0000000008004364                AHBPrescTable
 .rodata.APBPrescTable
                0x0000000008004374        0x8 Core/Src/system_stm32f1xx.o
                0x0000000008004374                APBPrescTable
                0x000000000800437c                . = ALIGN (0x4)

.rel.dyn        0x000000000800437c        0x0
 .rel.iplt      0x000000000800437c        0x0 c:/st/stm32cubeide_1.3.0/stm32cubeide/plugins/com.st.stm32cube.ide.mcu.externaltools.gnu-tools-for-stm32.7-2018-q2-update.win32_1.0.0.201904181610/tools/bin/../lib/gcc/arm-none-eabi/7.3.1/thumb/v7-m/crtbegin.o

.ARM.extab      0x000000000800437c        0x0
                0x000000000800437c                . = ALIGN (0x4)
 *(.ARM.extab* .gnu.linkonce.armextab.*)
                0x000000000800437c                . = ALIGN (0x4)

.ARM            0x000000000800437c        0x0
                0x000000000800437c                . = ALIGN (0x4)
                0x000000000800437c                __exidx_start = .
 *(.ARM.exidx*)
                0x000000000800437c                __exidx_end = .
                0x000000000800437c                . = ALIGN (0x4)

.preinit_array  0x000000000800437c        0x0
                0x000000000800437c                . = ALIGN (0x4)
                0x000000000800437c                PROVIDE (__preinit_array_start = .)
 *(.preinit_array*)
                0x000000000800437c                PROVIDE (__preinit_array_end = .)
                0x000000000800437c                . = ALIGN (0x4)

.init_array     0x000000000800437c        0x4
                0x000000000800437c                . = ALIGN (0x4)
                0x000000000800437c                PROVIDE (__init_array_start = .)
 *(SORT_BY_NAME(.init_array.*))
 *(.init_array*)
 .init_array    0x000000000800437c        0x4 c:/st/stm32cubeide_1.3.0/stm32cubeide/plugins/com.st.stm32cube.ide.mcu.externaltools.gnu-tools-for-stm32.7-2018-q2-update.win32_1.0.0.201904181610/tools/bin/../lib/gcc/arm-none-eabi/7.3.1/thumb/v7-m/crtbegin.o
                0x0000000008004380                PROVIDE (__init_array_end = .)
                0x0000000008004380                . = ALIGN (0x4)

.fini_array     0x0000000008004380        0x4
                0x0000000008004380                . = ALIGN (0x4)
                [!provide]                        PROVIDE (__fini_array_start = .)
 *(SORT_BY_NAME(.fini_array.*))
 *(.fini_array*)
 .fini_array    0x0000000008004380        0x4 c:/st/stm32cubeide_1.3.0/stm32cubeide/plugins/com.st.stm32cube.ide.mcu.externaltools.gnu-tools-for-stm32.7-2018-q2-update.win32_1.0.0.201904181610/tools/bin/../lib/gcc/arm-none-eabi/7.3.1/thumb/v7-m/crtbegin.o
                [!provide]                        PROVIDE (__fini_array_end = .)
                0x0000000008004384                . = ALIGN (0x4)
                0x0000000008004384                _sidata = LOADADDR (.data)

.data           0x0000000020000000      0x2c0 load address 0x0000000008004384
                0x0000000020000000                . = ALIGN (0x4)
                0x0000000020000000                _sdata = .
 *(.data)
 *(.data*)
 .data.stdNum   0x0000000020000000        0xa Core/Src/main.o
                0x0000000020000000                stdNum
 *fill*         0x000000002000000a        0x2 
 .data.calibration
                0x000000002000000c        0xa Core/Src/main.o
                0x000000002000000c                calibration
 *fill*         0x0000000020000016        0x2 
 .data.maze     0x0000000020000018        0xa Core/Src/main.o
                0x0000000020000018                maze
 *fill*         0x0000000020000022        0x2 
 .data.tennis   0x0000000020000024        0xa Core/Src/main.o
                0x0000000020000024                tennis
 .data.ball_x_pos
                0x000000002000002e        0x1 Core/Src/matrix.o
                0x000000002000002e                ball_x_pos
 .data.ball_y_pos
                0x000000002000002f        0x1 Core/Src/matrix.o
                0x000000002000002f                ball_y_pos
 .data.bat_y_pos
                0x0000000020000030        0x1 Core/Src/matrix.o
                0x0000000020000030                bat_y_pos
 .data.should_load_num_flag
                0x0000000020000031        0x1 Core/Src/matrix.o
                0x0000000020000031                should_load_num_flag
 .data.should_load_maze_flag
                0x0000000020000032        0x1 Core/Src/matrix.o
                0x0000000020000032                should_load_maze_flag
 *fill*         0x0000000020000033        0x1 
 .data.selected_maze_num
                0x0000000020000034        0x4 Core/Src/matrix.o
                0x0000000020000034                selected_maze_num
 .data.tennis_ball_timeout_time
                0x0000000020000038        0x2 Core/Src/matrix.o
                0x0000000020000038                tennis_ball_timeout_time
 .data.tennis_ball_velocity
                0x000000002000003a        0x1 Core/Src/matrix.o
                0x000000002000003a                tennis_ball_velocity
 *fill*         0x000000002000003b        0x1 
 .data.row_ports
                0x000000002000003c       0x20 Core/Src/matrix.o
 .data.row_pins
                0x000000002000005c       0x10 Core/Src/matrix.o
 .data.col_ports
                0x000000002000006c       0x20 Core/Src/matrix.o
 .data.col_pins
                0x000000002000008c       0x10 Core/Src/matrix.o
 .data.debug_ports
                0x000000002000009c       0x10 Core/Src/matrix.o
 .data.debug_pins
                0x00000000200000ac        0x8 Core/Src/matrix.o
 .data.preset_mazes
                0x00000000200000b4      0x100 Core/Src/matrix.o
 .data.preset_numbers
                0x00000000200001b4      0x100 Core/Src/matrix.o
 .data.SystemCoreClock
                0x00000000200002b4        0x4 Core/Src/system_stm32f1xx.o
                0x00000000200002b4                SystemCoreClock
 .data.uwTickPrio
                0x00000000200002b8        0x4 Drivers/STM32F1xx_HAL_Driver/Src/stm32f1xx_hal.o
                0x00000000200002b8                uwTickPrio
 .data.uwTickFreq
                0x00000000200002bc        0x1 Drivers/STM32F1xx_HAL_Driver/Src/stm32f1xx_hal.o
                0x00000000200002bc                uwTickFreq
                0x00000000200002c0                . = ALIGN (0x4)
 *fill*         0x00000000200002bd        0x3 
                0x00000000200002c0                _edata = .

.igot.plt       0x00000000200002c0        0x0 load address 0x0000000008004644
 .igot.plt      0x00000000200002c0        0x0 c:/st/stm32cubeide_1.3.0/stm32cubeide/plugins/com.st.stm32cube.ide.mcu.externaltools.gnu-tools-for-stm32.7-2018-q2-update.win32_1.0.0.201904181610/tools/bin/../lib/gcc/arm-none-eabi/7.3.1/thumb/v7-m/crtbegin.o
                0x00000000200002c0                . = ALIGN (0x4)

.bss            0x00000000200002c0      0x184 load address 0x0000000008004644
                0x00000000200002c0                _sbss = .
                0x00000000200002c0                __bss_start__ = _sbss
 *(.bss)
 .bss           0x00000000200002c0       0x1c c:/st/stm32cubeide_1.3.0/stm32cubeide/plugins/com.st.stm32cube.ide.mcu.externaltools.gnu-tools-for-stm32.7-2018-q2-update.win32_1.0.0.201904181610/tools/bin/../lib/gcc/arm-none-eabi/7.3.1/thumb/v7-m/crtbegin.o
 *(.bss*)
 .bss.last_update_time
                0x00000000200002dc        0x4 Core/Src/main.o
                0x00000000200002dc                last_update_time
 .bss.maze_uart_last_update_time
                0x00000000200002e0        0x4 Core/Src/main.o
                0x00000000200002e0                maze_uart_last_update_time
 .bss.bat_x_pos
                0x00000000200002e4        0x1 Core/Src/matrix.o
                0x00000000200002e4                bat_x_pos
 *fill*         0x00000000200002e5        0x3 
 .bss.display   0x00000000200002e8       0x40 Core/Src/matrix.o
                0x00000000200002e8                display
 .bss.column_to_display
                0x0000000020000328        0x1 Core/Src/matrix.o
                0x0000000020000328                column_to_display
 .bss.display_matrix_ball_flag
                0x0000000020000329        0x1 Core/Src/matrix.o
                0x0000000020000329                display_matrix_ball_flag
 .bss.display_matrix_end_flag
                0x000000002000032a        0x1 Core/Src/matrix.o
                0x000000002000032a                display_matrix_end_flag
 .bss.tennis_ball_hit_counter
                0x000000002000032b        0x1 Core/Src/matrix.o
                0x000000002000032b                tennis_ball_hit_counter
 .bss.imu_direction_to_move
                0x000000002000032c        0x8 Core/Src/matrix.o
                0x000000002000032c                imu_direction_to_move
 .bss.button_left_time
                0x0000000020000334        0x4 Core/Src/stm32f1xx_it.o
                0x0000000020000334                button_left_time
 .bss.button_right_time
                0x0000000020000338        0x4 Core/Src/stm32f1xx_it.o
                0x0000000020000338                button_right_time
 .bss.button_middle_time
                0x000000002000033c        0x4 Core/Src/stm32f1xx_it.o
                0x000000002000033c                button_middle_time
 .bss.button_up_time
                0x0000000020000340        0x4 Core/Src/stm32f1xx_it.o
                0x0000000020000340                button_up_time
 .bss.button_down_time
                0x0000000020000344        0x4 Core/Src/stm32f1xx_it.o
                0x0000000020000344                button_down_time
 .bss.ball_matrix_time
                0x0000000020000348        0x4 Core/Src/stm32f1xx_it.o
                0x0000000020000348                ball_matrix_time
 .bss.ball_maze_move_time
                0x000000002000034c        0x4 Core/Src/stm32f1xx_it.o
                0x000000002000034c                ball_maze_move_time
 .bss.end_matrix_time
                0x0000000020000350        0x4 Core/Src/stm32f1xx_it.o
                0x0000000020000350                end_matrix_time
 .bss.tennis_ball_move_time
                0x0000000020000354        0x4 Core/Src/stm32f1xx_it.o
                0x0000000020000354                tennis_ball_move_time
 .bss.bat_move_time
                0x0000000020000358        0x4 Core/Src/stm32f1xx_it.o
                0x0000000020000358                bat_move_time
 *(COMMON)
 COMMON         0x000000002000035c       0xe0 Core/Src/main.o
                0x000000002000035c                hi2c1
                0x00000000200003b0                az
                0x00000000200003b4                hadc1
                0x00000000200003e4                ax
                0x00000000200003e8                i2cData
                0x00000000200003f4                huart2
                0x0000000020000434                res
                0x0000000020000438                ay
 COMMON         0x000000002000043c        0x2 Core/Src/matrix.o
                0x000000002000043c                tennis_ball_direction
                0x000000002000043d                matrixStatus
 *fill*         0x000000002000043e        0x2 
 COMMON         0x0000000020000440        0x4 Drivers/STM32F1xx_HAL_Driver/Src/stm32f1xx_hal.o
                0x0000000020000440                uwTick
                0x0000000020000444                . = ALIGN (0x4)
                0x0000000020000444                _ebss = .
                0x0000000020000444                __bss_end__ = _ebss

._user_heap_stack
                0x0000000020000444      0x604 load address 0x0000000008004644
                0x0000000020000448                . = ALIGN (0x8)
 *fill*         0x0000000020000444        0x4 
                0x0000000020000448                PROVIDE (end = .)
                [!provide]                        PROVIDE (_end = .)
                0x0000000020000648                . = (. + _Min_Heap_Size)
 *fill*         0x0000000020000448      0x200 
                0x0000000020000a48                . = (. + _Min_Stack_Size)
 *fill*         0x0000000020000648      0x400 
                0x0000000020000a48                . = ALIGN (0x8)

/DISCARD/
 libc.a(*)
 libm.a(*)
 libgcc.a(*)

.ARM.attributes
                0x0000000000000000       0x29
 *(.ARM.attributes)
 .ARM.attributes
                0x0000000000000000       0x1d c:/st/stm32cubeide_1.3.0/stm32cubeide/plugins/com.st.stm32cube.ide.mcu.externaltools.gnu-tools-for-stm32.7-2018-q2-update.win32_1.0.0.201904181610/tools/bin/../lib/gcc/arm-none-eabi/7.3.1/thumb/v7-m/crti.o
 .ARM.attributes
                0x000000000000001d       0x2d c:/st/stm32cubeide_1.3.0/stm32cubeide/plugins/com.st.stm32cube.ide.mcu.externaltools.gnu-tools-for-stm32.7-2018-q2-update.win32_1.0.0.201904181610/tools/bin/../lib/gcc/arm-none-eabi/7.3.1/thumb/v7-m/crtbegin.o
 .ARM.attributes
                0x000000000000004a       0x33 Core/Src/main.o
 .ARM.attributes
                0x000000000000007d       0x33 Core/Src/matrix.o
 .ARM.attributes
                0x00000000000000b0       0x33 Core/Src/stm32f1xx_hal_msp.o
 .ARM.attributes
                0x00000000000000e3       0x33 Core/Src/stm32f1xx_it.o
 .ARM.attributes
                0x0000000000000116       0x33 Core/Src/system_stm32f1xx.o
 .ARM.attributes
                0x0000000000000149       0x21 Core/Startup/startup_stm32f103rbtx.o
 .ARM.attributes
                0x000000000000016a       0x33 Drivers/STM32F1xx_HAL_Driver/Src/stm32f1xx_hal.o
 .ARM.attributes
                0x000000000000019d       0x33 Drivers/STM32F1xx_HAL_Driver/Src/stm32f1xx_hal_adc.o
 .ARM.attributes
                0x00000000000001d0       0x33 Drivers/STM32F1xx_HAL_Driver/Src/stm32f1xx_hal_cortex.o
 .ARM.attributes
                0x0000000000000203       0x33 Drivers/STM32F1xx_HAL_Driver/Src/stm32f1xx_hal_gpio.o
 .ARM.attributes
                0x0000000000000236       0x33 Drivers/STM32F1xx_HAL_Driver/Src/stm32f1xx_hal_i2c.o
 .ARM.attributes
                0x0000000000000269       0x33 Drivers/STM32F1xx_HAL_Driver/Src/stm32f1xx_hal_rcc.o
 .ARM.attributes
                0x000000000000029c       0x33 Drivers/STM32F1xx_HAL_Driver/Src/stm32f1xx_hal_rcc_ex.o
 .ARM.attributes
                0x00000000000002cf       0x33 Drivers/STM32F1xx_HAL_Driver/Src/stm32f1xx_hal_uart.o
 .ARM.attributes
                0x0000000000000302       0x2d c:/st/stm32cubeide_1.3.0/stm32cubeide/plugins/com.st.stm32cube.ide.mcu.externaltools.gnu-tools-for-stm32.7-2018-q2-update.win32_1.0.0.201904181610/tools/bin/../lib/gcc/arm-none-eabi/7.3.1/../../../../arm-none-eabi/lib/thumb/v7-m\libc_nano.a(lib_a-init.o)
 .ARM.attributes
                0x000000000000032f       0x2d c:/st/stm32cubeide_1.3.0/stm32cubeide/plugins/com.st.stm32cube.ide.mcu.externaltools.gnu-tools-for-stm32.7-2018-q2-update.win32_1.0.0.201904181610/tools/bin/../lib/gcc/arm-none-eabi/7.3.1/../../../../arm-none-eabi/lib/thumb/v7-m\libc_nano.a(lib_a-memset.o)
 .ARM.attributes
                0x000000000000035c       0x1d c:/st/stm32cubeide_1.3.0/stm32cubeide/plugins/com.st.stm32cube.ide.mcu.externaltools.gnu-tools-for-stm32.7-2018-q2-update.win32_1.0.0.201904181610/tools/bin/../lib/gcc/arm-none-eabi/7.3.1/thumb/v7-m/crtn.o
OUTPUT(e314.elf elf32-littlearm)

.debug_info     0x0000000000000000     0xa0e6
 .debug_info    0x0000000000000000     0x122e Core/Src/main.o
 .debug_info    0x000000000000122e     0x10fb Core/Src/matrix.o
 .debug_info    0x0000000000002329      0xdba Core/Src/stm32f1xx_hal_msp.o
 .debug_info    0x00000000000030e3      0x411 Core/Src/stm32f1xx_it.o
 .debug_info    0x00000000000034f4      0x433 Core/Src/system_stm32f1xx.o
 .debug_info    0x0000000000003927       0x22 Core/Startup/startup_stm32f103rbtx.o
 .debug_info    0x0000000000003949      0x6fe Drivers/STM32F1xx_HAL_Driver/Src/stm32f1xx_hal.o
 .debug_info    0x0000000000004047      0xc61 Drivers/STM32F1xx_HAL_Driver/Src/stm32f1xx_hal_adc.o
 .debug_info    0x0000000000004ca8      0xb46 Drivers/STM32F1xx_HAL_Driver/Src/stm32f1xx_hal_cortex.o
 .debug_info    0x00000000000057ee      0x681 Drivers/STM32F1xx_HAL_Driver/Src/stm32f1xx_hal_gpio.o
 .debug_info    0x0000000000005e6f     0x2457 Drivers/STM32F1xx_HAL_Driver/Src/stm32f1xx_hal_i2c.o
 .debug_info    0x00000000000082c6      0x804 Drivers/STM32F1xx_HAL_Driver/Src/stm32f1xx_hal_rcc.o
 .debug_info    0x0000000000008aca      0x439 Drivers/STM32F1xx_HAL_Driver/Src/stm32f1xx_hal_rcc_ex.o
 .debug_info    0x0000000000008f03     0x11e3 Drivers/STM32F1xx_HAL_Driver/Src/stm32f1xx_hal_uart.o

.debug_abbrev   0x0000000000000000     0x1a0e
 .debug_abbrev  0x0000000000000000      0x265 Core/Src/main.o
 .debug_abbrev  0x0000000000000265      0x341 Core/Src/matrix.o
 .debug_abbrev  0x00000000000005a6      0x18c Core/Src/stm32f1xx_hal_msp.o
 .debug_abbrev  0x0000000000000732      0x102 Core/Src/stm32f1xx_it.o
 .debug_abbrev  0x0000000000000834      0x134 Core/Src/system_stm32f1xx.o
 .debug_abbrev  0x0000000000000968       0x12 Core/Startup/startup_stm32f103rbtx.o
 .debug_abbrev  0x000000000000097a      0x1d8 Drivers/STM32F1xx_HAL_Driver/Src/stm32f1xx_hal.o
 .debug_abbrev  0x0000000000000b52      0x1d5 Drivers/STM32F1xx_HAL_Driver/Src/stm32f1xx_hal_adc.o
 .debug_abbrev  0x0000000000000d27      0x2d5 Drivers/STM32F1xx_HAL_Driver/Src/stm32f1xx_hal_cortex.o
 .debug_abbrev  0x0000000000000ffc      0x1c0 Drivers/STM32F1xx_HAL_Driver/Src/stm32f1xx_hal_gpio.o
 .debug_abbrev  0x00000000000011bc      0x258 Drivers/STM32F1xx_HAL_Driver/Src/stm32f1xx_hal_i2c.o
 .debug_abbrev  0x0000000000001414      0x243 Drivers/STM32F1xx_HAL_Driver/Src/stm32f1xx_hal_rcc.o
 .debug_abbrev  0x0000000000001657      0x175 Drivers/STM32F1xx_HAL_Driver/Src/stm32f1xx_hal_rcc_ex.o
 .debug_abbrev  0x00000000000017cc      0x242 Drivers/STM32F1xx_HAL_Driver/Src/stm32f1xx_hal_uart.o

.debug_aranges  0x0000000000000000      0xa98
 .debug_aranges
                0x0000000000000000       0x90 Core/Src/main.o
 .debug_aranges
                0x0000000000000090       0x90 Core/Src/matrix.o
 .debug_aranges
                0x0000000000000120       0x50 Core/Src/stm32f1xx_hal_msp.o
 .debug_aranges
                0x0000000000000170       0x90 Core/Src/stm32f1xx_it.o
 .debug_aranges
                0x0000000000000200       0x28 Core/Src/system_stm32f1xx.o
 .debug_aranges
                0x0000000000000228       0x28 Core/Startup/startup_stm32f103rbtx.o
 .debug_aranges
                0x0000000000000250       0xe0 Drivers/STM32F1xx_HAL_Driver/Src/stm32f1xx_hal.o
 .debug_aranges
                0x0000000000000330       0xf0 Drivers/STM32F1xx_HAL_Driver/Src/stm32f1xx_hal_adc.o
 .debug_aranges
                0x0000000000000420      0x100 Drivers/STM32F1xx_HAL_Driver/Src/stm32f1xx_hal_cortex.o
 .debug_aranges
                0x0000000000000520       0x58 Drivers/STM32F1xx_HAL_Driver/Src/stm32f1xx_hal_gpio.o
 .debug_aranges
                0x0000000000000578      0x290 Drivers/STM32F1xx_HAL_Driver/Src/stm32f1xx_hal_i2c.o
 .debug_aranges
                0x0000000000000808       0x90 Drivers/STM32F1xx_HAL_Driver/Src/stm32f1xx_hal_rcc.o
 .debug_aranges
                0x0000000000000898       0x30 Drivers/STM32F1xx_HAL_Driver/Src/stm32f1xx_hal_rcc_ex.o
 .debug_aranges
                0x00000000000008c8      0x1d0 Drivers/STM32F1xx_HAL_Driver/Src/stm32f1xx_hal_uart.o

.debug_ranges   0x0000000000000000      0x9e0
 .debug_ranges  0x0000000000000000       0x80 Core/Src/main.o
 .debug_ranges  0x0000000000000080       0x80 Core/Src/matrix.o
 .debug_ranges  0x0000000000000100       0x40 Core/Src/stm32f1xx_hal_msp.o
 .debug_ranges  0x0000000000000140       0x80 Core/Src/stm32f1xx_it.o
 .debug_ranges  0x00000000000001c0       0x18 Core/Src/system_stm32f1xx.o
 .debug_ranges  0x00000000000001d8       0x20 Core/Startup/startup_stm32f103rbtx.o
 .debug_ranges  0x00000000000001f8       0xd0 Drivers/STM32F1xx_HAL_Driver/Src/stm32f1xx_hal.o
 .debug_ranges  0x00000000000002c8       0xe0 Drivers/STM32F1xx_HAL_Driver/Src/stm32f1xx_hal_adc.o
 .debug_ranges  0x00000000000003a8       0xf0 Drivers/STM32F1xx_HAL_Driver/Src/stm32f1xx_hal_cortex.o
 .debug_ranges  0x0000000000000498       0x48 Drivers/STM32F1xx_HAL_Driver/Src/stm32f1xx_hal_gpio.o
 .debug_ranges  0x00000000000004e0      0x2a0 Drivers/STM32F1xx_HAL_Driver/Src/stm32f1xx_hal_i2c.o
 .debug_ranges  0x0000000000000780       0x80 Drivers/STM32F1xx_HAL_Driver/Src/stm32f1xx_hal_rcc.o
 .debug_ranges  0x0000000000000800       0x20 Drivers/STM32F1xx_HAL_Driver/Src/stm32f1xx_hal_rcc_ex.o
 .debug_ranges  0x0000000000000820      0x1c0 Drivers/STM32F1xx_HAL_Driver/Src/stm32f1xx_hal_uart.o

.debug_macro    0x0000000000000000    0x14386
 .debug_macro   0x0000000000000000      0x1c0 Core/Src/main.o
 .debug_macro   0x00000000000001c0      0xa5a Core/Src/main.o
 .debug_macro   0x0000000000000c1a      0x221 Core/Src/main.o
 .debug_macro   0x0000000000000e3b       0x2e Core/Src/main.o
 .debug_macro   0x0000000000000e69       0x22 Core/Src/main.o
 .debug_macro   0x0000000000000e8b       0x22 Core/Src/main.o
 .debug_macro   0x0000000000000ead       0x8e Core/Src/main.o
 .debug_macro   0x0000000000000f3b       0x51 Core/Src/main.o
 .debug_macro   0x0000000000000f8c       0xef Core/Src/main.o
 .debug_macro   0x000000000000107b       0x6a Core/Src/main.o
 .debug_macro   0x00000000000010e5      0x1df Core/Src/main.o
 .debug_macro   0x00000000000012c4       0x1c Core/Src/main.o
 .debug_macro   0x00000000000012e0       0x22 Core/Src/main.o
 .debug_macro   0x0000000000001302       0xc3 Core/Src/main.o
 .debug_macro   0x00000000000013c5      0xd23 Core/Src/main.o
 .debug_macro   0x00000000000020e8     0xe09e Core/Src/main.o
 .debug_macro   0x0000000000010186       0x43 Core/Src/main.o
 .debug_macro   0x00000000000101c9      0x174 Core/Src/main.o
 .debug_macro   0x000000000001033d       0x5a Core/Src/main.o
 .debug_macro   0x0000000000010397      0x5be Core/Src/main.o
 .debug_macro   0x0000000000010955      0x289 Core/Src/main.o
 .debug_macro   0x0000000000010bde      0x1cb Core/Src/main.o
 .debug_macro   0x0000000000010da9      0x114 Core/Src/main.o
 .debug_macro   0x0000000000010ebd      0x1b2 Core/Src/main.o
 .debug_macro   0x000000000001106f       0x27 Core/Src/main.o
 .debug_macro   0x0000000000011096      0x136 Core/Src/main.o
 .debug_macro   0x00000000000111cc      0x1bc Core/Src/main.o
 .debug_macro   0x0000000000011388       0x34 Core/Src/main.o
 .debug_macro   0x00000000000113bc       0x3c Core/Src/main.o
 .debug_macro   0x00000000000113f8       0x57 Core/Src/main.o
 .debug_macro   0x000000000001144f      0x46a Core/Src/main.o
 .debug_macro   0x00000000000118b9      0x1b5 Core/Src/main.o
 .debug_macro   0x0000000000011a6e       0x88 Core/Src/main.o
 .debug_macro   0x0000000000011af6      0x241 Core/Src/main.o
 .debug_macro   0x0000000000011d37      0x280 Core/Src/main.o
 .debug_macro   0x0000000000011fb7      0x141 Core/Src/main.o
 .debug_macro   0x00000000000120f8      0x26b Core/Src/main.o
 .debug_macro   0x0000000000012363       0x83 Core/Src/main.o
 .debug_macro   0x00000000000123e6      0x19e Core/Src/main.o
 .debug_macro   0x0000000000012584      0x25e Core/Src/matrix.o
 .debug_macro   0x00000000000127e2       0x46 Core/Src/matrix.o
 .debug_macro   0x0000000000012828       0x18 Core/Src/matrix.o
 .debug_macro   0x0000000000012840       0x3c Core/Src/matrix.o
 .debug_macro   0x000000000001287c       0x34 Core/Src/matrix.o
 .debug_macro   0x00000000000128b0       0x52 Core/Src/matrix.o
 .debug_macro   0x0000000000012902       0x1f Core/Src/matrix.o
 .debug_macro   0x0000000000012921       0x43 Core/Src/matrix.o
 .debug_macro   0x0000000000012964       0x20 Core/Src/matrix.o
 .debug_macro   0x0000000000012984      0x1a3 Core/Src/matrix.o
 .debug_macro   0x0000000000012b27      0x32a Core/Src/matrix.o
 .debug_macro   0x0000000000012e51      0x1e1 Core/Src/matrix.o
 .debug_macro   0x0000000000013032      0x1b2 Core/Src/stm32f1xx_hal_msp.o
 .debug_macro   0x00000000000131e4      0x1e2 Core/Src/stm32f1xx_it.o
 .debug_macro   0x00000000000133c6      0x1a9 Core/Src/system_stm32f1xx.o
 .debug_macro   0x000000000001356f      0x1c7 Drivers/STM32F1xx_HAL_Driver/Src/stm32f1xx_hal.o
 .debug_macro   0x0000000000013736      0x1c0 Drivers/STM32F1xx_HAL_Driver/Src/stm32f1xx_hal_adc.o
 .debug_macro   0x00000000000138f6      0x1a3 Drivers/STM32F1xx_HAL_Driver/Src/stm32f1xx_hal_cortex.o
 .debug_macro   0x0000000000013a99      0x20e Drivers/STM32F1xx_HAL_Driver/Src/stm32f1xx_hal_gpio.o
 .debug_macro   0x0000000000013ca7      0x1e3 Drivers/STM32F1xx_HAL_Driver/Src/stm32f1xx_hal_i2c.o
 .debug_macro   0x0000000000013e8a      0x1b5 Drivers/STM32F1xx_HAL_Driver/Src/stm32f1xx_hal_rcc.o
 .debug_macro   0x000000000001403f      0x1a3 Drivers/STM32F1xx_HAL_Driver/Src/stm32f1xx_hal_rcc_ex.o
 .debug_macro   0x00000000000141e2      0x1a4 Drivers/STM32F1xx_HAL_Driver/Src/stm32f1xx_hal_uart.o

.debug_line     0x0000000000000000     0x871b
 .debug_line    0x0000000000000000      0x846 Core/Src/main.o
 .debug_line    0x0000000000000846      0xa4c Core/Src/matrix.o
 .debug_line    0x0000000000001292      0x6d8 Core/Src/stm32f1xx_hal_msp.o
 .debug_line    0x000000000000196a      0x7e2 Core/Src/stm32f1xx_it.o
 .debug_line    0x000000000000214c      0x67e Core/Src/system_stm32f1xx.o
 .debug_line    0x00000000000027ca       0x84 Core/Startup/startup_stm32f103rbtx.o
 .debug_line    0x000000000000284e      0x826 Drivers/STM32F1xx_HAL_Driver/Src/stm32f1xx_hal.o
 .debug_line    0x0000000000003074      0xb78 Drivers/STM32F1xx_HAL_Driver/Src/stm32f1xx_hal_adc.o
 .debug_line    0x0000000000003bec      0x8ff Drivers/STM32F1xx_HAL_Driver/Src/stm32f1xx_hal_cortex.o
 .debug_line    0x00000000000044eb      0x826 Drivers/STM32F1xx_HAL_Driver/Src/stm32f1xx_hal_gpio.o
 .debug_line    0x0000000000004d11     0x1aeb Drivers/STM32F1xx_HAL_Driver/Src/stm32f1xx_hal_i2c.o
 .debug_line    0x00000000000067fc      0x8e8 Drivers/STM32F1xx_HAL_Driver/Src/stm32f1xx_hal_rcc.o
 .debug_line    0x00000000000070e4      0x706 Drivers/STM32F1xx_HAL_Driver/Src/stm32f1xx_hal_rcc_ex.o
 .debug_line    0x00000000000077ea      0xf31 Drivers/STM32F1xx_HAL_Driver/Src/stm32f1xx_hal_uart.o

.debug_str      0x0000000000000000    0x7199b
 .debug_str     0x0000000000000000    0x6bbdd Core/Src/main.o
                                      0x6c01c (size before relaxing)
 .debug_str     0x000000000006bbdd     0x39a8 Core/Src/matrix.o
                                      0x6ecb2 (size before relaxing)
 .debug_str     0x000000000006f585       0xd2 Core/Src/stm32f1xx_hal_msp.o
                                      0x6b977 (size before relaxing)
 .debug_str     0x000000000006f657      0x1cc Core/Src/stm32f1xx_it.o
                                      0x6b43d (size before relaxing)
 .debug_str     0x000000000006f823       0xc2 Core/Src/system_stm32f1xx.o
                                      0x6ab95 (size before relaxing)
 .debug_str     0x000000000006f8e5       0x36 Core/Startup/startup_stm32f103rbtx.o
                                         0xa1 (size before relaxing)
 .debug_str     0x000000000006f91b      0x3b3 Drivers/STM32F1xx_HAL_Driver/Src/stm32f1xx_hal.o
                                      0x6b1a6 (size before relaxing)
 .debug_str     0x000000000006fcce      0x35c Drivers/STM32F1xx_HAL_Driver/Src/stm32f1xx_hal_adc.o
                                      0x6b1ab (size before relaxing)
 .debug_str     0x000000000007002a      0x2c8 Drivers/STM32F1xx_HAL_Driver/Src/stm32f1xx_hal_cortex.o
                                      0x6b1b4 (size before relaxing)
 .debug_str     0x00000000000702f2      0x324 Drivers/STM32F1xx_HAL_Driver/Src/stm32f1xx_hal_gpio.o
                                      0x6aedf (size before relaxing)
 .debug_str     0x0000000000070616      0xb67 Drivers/STM32F1xx_HAL_Driver/Src/stm32f1xx_hal_i2c.o
                                      0x6bb0b (size before relaxing)
 .debug_str     0x000000000007117d      0x258 Drivers/STM32F1xx_HAL_Driver/Src/stm32f1xx_hal_rcc.o
                                      0x6af18 (size before relaxing)
 .debug_str     0x00000000000713d5       0xb9 Drivers/STM32F1xx_HAL_Driver/Src/stm32f1xx_hal_rcc_ex.o
                                      0x6aca5 (size before relaxing)
 .debug_str     0x000000000007148e      0x50d Drivers/STM32F1xx_HAL_Driver/Src/stm32f1xx_hal_uart.o
                                      0x6b407 (size before relaxing)

.comment        0x0000000000000000       0x7b
 .comment       0x0000000000000000       0x7b Core/Src/main.o
                                         0x7c (size before relaxing)
 .comment       0x000000000000007b       0x7c Core/Src/matrix.o
 .comment       0x000000000000007b       0x7c Core/Src/stm32f1xx_hal_msp.o
 .comment       0x000000000000007b       0x7c Core/Src/stm32f1xx_it.o
 .comment       0x000000000000007b       0x7c Core/Src/system_stm32f1xx.o
 .comment       0x000000000000007b       0x7c Drivers/STM32F1xx_HAL_Driver/Src/stm32f1xx_hal.o
 .comment       0x000000000000007b       0x7c Drivers/STM32F1xx_HAL_Driver/Src/stm32f1xx_hal_adc.o
 .comment       0x000000000000007b       0x7c Drivers/STM32F1xx_HAL_Driver/Src/stm32f1xx_hal_cortex.o
 .comment       0x000000000000007b       0x7c Drivers/STM32F1xx_HAL_Driver/Src/stm32f1xx_hal_gpio.o
 .comment       0x000000000000007b       0x7c Drivers/STM32F1xx_HAL_Driver/Src/stm32f1xx_hal_i2c.o
 .comment       0x000000000000007b       0x7c Drivers/STM32F1xx_HAL_Driver/Src/stm32f1xx_hal_rcc.o
 .comment       0x000000000000007b       0x7c Drivers/STM32F1xx_HAL_Driver/Src/stm32f1xx_hal_rcc_ex.o
 .comment       0x000000000000007b       0x7c Drivers/STM32F1xx_HAL_Driver/Src/stm32f1xx_hal_uart.o

.debug_frame    0x0000000000000000     0x2b20
 .debug_frame   0x0000000000000000      0x1f4 Core/Src/main.o
 .debug_frame   0x00000000000001f4      0x234 Core/Src/matrix.o
 .debug_frame   0x0000000000000428      0x110 Core/Src/stm32f1xx_hal_msp.o
 .debug_frame   0x0000000000000538      0x1b4 Core/Src/stm32f1xx_it.o
 .debug_frame   0x00000000000006ec       0x58 Core/Src/system_stm32f1xx.o
 .debug_frame   0x0000000000000744      0x334 Drivers/STM32F1xx_HAL_Driver/Src/stm32f1xx_hal.o
 .debug_frame   0x0000000000000a78      0x40c Drivers/STM32F1xx_HAL_Driver/Src/stm32f1xx_hal_adc.o
 .debug_frame   0x0000000000000e84      0x428 Drivers/STM32F1xx_HAL_Driver/Src/stm32f1xx_hal_cortex.o
 .debug_frame   0x00000000000012ac      0x14c Drivers/STM32F1xx_HAL_Driver/Src/stm32f1xx_hal_gpio.o
 .debug_frame   0x00000000000013f8      0xc08 Drivers/STM32F1xx_HAL_Driver/Src/stm32f1xx_hal_i2c.o
 .debug_frame   0x0000000000002000      0x21c Drivers/STM32F1xx_HAL_Driver/Src/stm32f1xx_hal_rcc.o
 .debug_frame   0x000000000000221c       0x84 Drivers/STM32F1xx_HAL_Driver/Src/stm32f1xx_hal_rcc_ex.o
 .debug_frame   0x00000000000022a0      0x834 Drivers/STM32F1xx_HAL_Driver/Src/stm32f1xx_hal_uart.o
 .debug_frame   0x0000000000002ad4       0x2c c:/st/stm32cubeide_1.3.0/stm32cubeide/plugins/com.st.stm32cube.ide.mcu.externaltools.gnu-tools-for-stm32.7-2018-q2-update.win32_1.0.0.201904181610/tools/bin/../lib/gcc/arm-none-eabi/7.3.1/../../../../arm-none-eabi/lib/thumb/v7-m\libc_nano.a(lib_a-init.o)
 .debug_frame   0x0000000000002b00       0x20 c:/st/stm32cubeide_1.3.0/stm32cubeide/plugins/com.st.stm32cube.ide.mcu.externaltools.gnu-tools-for-stm32.7-2018-q2-update.win32_1.0.0.201904181610/tools/bin/../lib/gcc/arm-none-eabi/7.3.1/../../../../arm-none-eabi/lib/thumb/v7-m\libc_nano.a(lib_a-memset.o)
