main.c:115:6:calibration_sequence	16	static
main.c:139:6:light_up_corners	8	static
main.c:149:6:read_slider	24	static
main.c:157:6:transmit_ball_position	8	static
main.c:163:6:transmit_maze_uart	8	static
main.c:171:6:transmit_tennis_uart	8	static
main.c:181:6:imu_setup	16	static
main.c:187:6:read_imu	16	static
main.c:201:5:main	8	static
main.c:318:6:SystemClock_Config	88	static
main.c:362:13:MX_ADC1_Init	24	static
main.c:407:13:MX_I2C1_Init	8	static
main.c:441:13:MX_USART2_UART_Init	8	static
main.c:474:13:MX_GPIO_Init	40	static
main.c:580:6:Error_Handler	4	static
